Starting a Gradle Daemon, 4 busy Daemons could not be reused, use --status for details
Calculating task graph as configuration cache cannot be reused because file 'app\build.gradle.kts' has changed.
> Task :app:preBuild UP-TO-DATE
> Task :app:checkKotlinGradlePluginConfigurationErrors SKIPPED
> Task :app:preDebugBuild UP-TO-DATE
> Task :app:generateDebugBuildConfig UP-TO-DATE
> Task :app:processDebugGoogleServices UP-TO-DATE
> Task :app:generateDebugResValues UP-TO-DATE
> Task :app:createDebugCompatibleScreenManifests UP-TO-DATE
> Task :app:extractDeepLinksDebug UP-TO-DATE
> Task :app:generateDebugResources UP-TO-DATE
> Task :app:checkDebugAarMetadata UP-TO-DATE
> Task :app:mapDebugSourceSetPaths UP-TO-DATE
> Task :app:mergeDebugResources UP-TO-DATE
> Task :app:packageDebugResources UP-TO-DATE
> Task :app:parseDebugLocalResources UP-TO-DATE
> Task :app:processDebugMainManifest UP-TO-DATE
> Task :app:processDebugManifest UP-TO-DATE
> Task :app:processDebugManifestForPackage UP-TO-DATE
> Task :app:processDebugResources UP-TO-DATE
> Task :app:kspDebugKotlin
> Task :app:compileDebugKotlin
w: file:///D:/Eng%20App/mobile/app/src/main/java/com/esdispatch/data/FirebaseManager.kt:169:22 'fun fetchSignInMethodsForEmail(p0: String): Task<SignInMethodQueryResult!>' is deprecated. Deprecated in Java.
w: file:///D:/Eng%20App/mobile/app/src/main/java/com/esdispatch/data/LocalDatabase.kt:229:18 'fun fallbackToDestructiveMigration(): RoomDatabase.Builder<AppDatabase>' is deprecated. Replace by overloaded version with parameter to indicate if all tables should be dropped or not.
w: file:///D:/Eng%20App/mobile/app/src/main/java/com/esdispatch/ui/components/Components.kt:291:52 'val Icons.Filled.DirectionsBike: ImageVector' is deprecated. Use the AutoMirrored version at Icons.AutoMirrored.Filled.DirectionsBike.
w: file:///D:/Eng%20App/mobile/app/src/main/java/com/esdispatch/ui/components/Components.kt:1425:45 'val Icons.Filled.Help: ImageVector' is deprecated. Use the AutoMirrored version at Icons.AutoMirrored.Filled.Help.
w: file:///D:/Eng%20App/mobile/app/src/main/java/com/esdispatch/ui/screens/AIDispatchManagerScreen.kt:646:55 'val Icons.Filled.DirectionsBike: ImageVector' is deprecated. Use the AutoMirrored version at Icons.AutoMirrored.Filled.DirectionsBike.
w: file:///D:/Eng%20App/mobile/app/src/main/java/com/esdispatch/ui/screens/AIDispatchManagerScreen.kt:1055:62 'val Icons.Filled.TrendingUp: ImageVector' is deprecated. Use the AutoMirrored version at Icons.AutoMirrored.Filled.TrendingUp.
w: file:///D:/Eng%20App/mobile/app/src/main/java/com/esdispatch/ui/screens/AIDispatchManagerScreen.kt:1206:77 'val Icons.Filled.StarHalf: ImageVector' is deprecated. Use the AutoMirrored version at Icons.AutoMirrored.Filled.StarHalf.
w: file:///D:/Eng%20App/mobile/app/src/main/java/com/esdispatch/ui/screens/AIDispatchManagerScreen.kt:1258:76 'val Icons.Filled.EventNote: ImageVector' is deprecated. Use the AutoMirrored version at Icons.AutoMirrored.Filled.EventNote.
w: file:///D:/Eng%20App/mobile/app/src/main/java/com/esdispatch/ui/screens/AuthScreens.kt:48:8 'class GoogleSignIn : Any' is deprecated. Deprecated in Java.
w: file:///D:/Eng%20App/mobile/app/src/main/java/com/esdispatch/ui/screens/AuthScreens.kt:49:8 'class GoogleSignInOptions : AbstractSafeParcelable, Api.ApiOptions.Optional, ReflectedParcelable' is deprecated. Deprecated in Java.
w: file:///D:/Eng%20App/mobile/app/src/main/java/com/esdispatch/ui/screens/AuthScreens.kt:151:20 'class GoogleSignIn : Any' is deprecated. Deprecated in Java.
w: file:///D:/Eng%20App/mobile/app/src/main/java/com/esdispatch/ui/screens/AuthScreens.kt:407:50 'class GoogleSignInOptions : AbstractSafeParcelable, Api.ApiOptions.Optional, ReflectedParcelable' is deprecated. Deprecated in Java.
w: file:///D:/Eng%20App/mobile/app/src/main/java/com/esdispatch/ui/screens/AuthScreens.kt:407:78 'class GoogleSignInOptions : AbstractSafeParcelable, Api.ApiOptions.Optional, ReflectedParcelable' is deprecated. Deprecated in Java.
w: file:///D:/Eng%20App/mobile/app/src/main/java/com/esdispatch/ui/screens/AuthScreens.kt:414:58 'class GoogleSignIn : Any' is deprecated. Deprecated in Java.
w: file:///D:/Eng%20App/mobile/app/src/main/java/com/esdispatch/ui/screens/AuthScreens.kt:769:20 'class GoogleSignIn : Any' is deprecated. Deprecated in Java.
w: file:///D:/Eng%20App/mobile/app/src/main/java/com/esdispatch/ui/screens/AuthScreens.kt:988:58 'class GoogleSignInOptions : AbstractSafeParcelable, Api.ApiOptions.Optional, ReflectedParcelable' is deprecated. Deprecated in Java.
w: file:///D:/Eng%20App/mobile/app/src/main/java/com/esdispatch/ui/screens/AuthScreens.kt:988:86 'class GoogleSignInOptions : AbstractSafeParcelable, Api.ApiOptions.Optional, ReflectedParcelable' is deprecated. Deprecated in Java.
w: file:///D:/Eng%20App/mobile/app/src/main/java/com/esdispatch/ui/screens/AuthScreens.kt:995:66 'class GoogleSignIn : Any' is deprecated. Deprecated in Java.
w: file:///D:/Eng%20App/mobile/app/src/main/java/com/esdispatch/ui/screens/BatchBookingScreen.kt:134:50 'fun getFromLocationName(p0: String, p1: Int): (Mutable)List<Address!>?' is deprecated. Deprecated in Java.
w: file:///D:/Eng%20App/mobile/app/src/main/java/com/esdispatch/ui/screens/BookingFormScreen.kt:73:42 'fun getFromLocation(p0: Double, p1: Double, p2: Int): (Mutable)List<Address!>?' is deprecated. Deprecated in Java.
w: file:///D:/Eng%20App/mobile/app/src/main/java/com/esdispatch/ui/screens/DashboardScreen.kt:1818:25 'fun Divider(modifier: Modifier = ..., thickness: Dp = ..., color: Color = ...): Unit' is deprecated. Renamed to HorizontalDivider.
w: file:///D:/Eng%20App/mobile/app/src/main/java/com/esdispatch/ui/screens/DashboardScreen.kt:2295:33 'fun Divider(modifier: Modifier = ..., thickness: Dp = ..., color: Color = ...): Unit' is deprecated. Renamed to HorizontalDivider.
w: file:///D:/Eng%20App/mobile/app/src/main/java/com/esdispatch/ui/screens/DashboardScreen.kt:3979:97 'val Icons.Filled.DirectionsBike: ImageVector' is deprecated. Use the AutoMirrored version at Icons.AutoMirrored.Filled.DirectionsBike.
w: file:///D:/Eng%20App/mobile/app/src/main/java/com/esdispatch/ui/screens/MultiBookingScreen.kt:116:50 'fun getFromLocationName(p0: String, p1: Int): (Mutable)List<Address!>?' is deprecated. Deprecated in Java.
w: file:///D:/Eng%20App/mobile/app/src/main/java/com/esdispatch/ui/screens/ProfileScreens.kt:388:59 'val Icons.Filled.DirectionsBike: ImageVector' is deprecated. Use the AutoMirrored version at Icons.AutoMirrored.Filled.DirectionsBike.
w: file:///D:/Eng%20App/mobile/app/src/main/java/com/esdispatch/ui/screens/ProfileScreens.kt:560:49 'val Icons.Filled.DirectionsBike: ImageVector' is deprecated. Use the AutoMirrored version at Icons.AutoMirrored.Filled.DirectionsBike.
w: file:///D:/Eng%20App/mobile/app/src/main/java/com/esdispatch/ui/screens/ProfileScreens.kt:606:43 'val Icons.Filled.Logout: ImageVector' is deprecated. Use the AutoMirrored version at Icons.AutoMirrored.Filled.Logout.
w: file:///D:/Eng%20App/mobile/app/src/main/java/com/esdispatch/ui/screens/ProfileScreens.kt:1306:43 'val Icons.Filled.Logout: ImageVector' is deprecated. Use the AutoMirrored version at Icons.AutoMirrored.Filled.Logout.
w: file:///D:/Eng%20App/mobile/app/src/main/java/com/esdispatch/ui/screens/ProfileScreens.kt:1876:56 'val Icons.Filled.SendToMobile: ImageVector' is deprecated. Use the AutoMirrored version at Icons.AutoMirrored.Filled.SendToMobile.
w: file:///D:/Eng%20App/mobile/app/src/main/java/com/esdispatch/ui/screens/ProfileScreens.kt:3449:43 'val Icons.Filled.Chat: ImageVector' is deprecated. Use the AutoMirrored version at Icons.AutoMirrored.Filled.Chat.
w: file:///D:/Eng%20App/mobile/app/src/main/java/com/esdispatch/ui/screens/ProfileScreens.kt:3608:39 'val Icons.Filled.Send: ImageVector' is deprecated. Use the AutoMirrored version at Icons.AutoMirrored.Filled.Send.
w: file:///D:/Eng%20App/mobile/app/src/main/java/com/esdispatch/ui/screens/ProofOfDeliveryScreen.kt:48:26 'val LocalLifecycleOwner: ProvidableCompositionLocal<LifecycleOwner>' is deprecated. Moved to lifecycle-runtime-compose library in androidx.lifecycle.compose package.
w: file:///D:/Eng%20App/mobile/app/src/main/java/com/esdispatch/ui/screens/RiderScreens.kt:430:68 'val Icons.Filled.DirectionsBike: ImageVector' is deprecated. Use the AutoMirrored version at Icons.AutoMirrored.Filled.DirectionsBike.
w: file:///D:/Eng%20App/mobile/app/src/main/java/com/esdispatch/ui/screens/RiderScreens.kt:701:65 'val Icons.Filled.DirectionsBike: ImageVector' is deprecated. Use the AutoMirrored version at Icons.AutoMirrored.Filled.DirectionsBike.
w: file:///D:/Eng%20App/mobile/app/src/main/java/com/esdispatch/ui/screens/RiderScreens.kt:828:57 'val Icons.Filled.DirectionsBike: ImageVector' is deprecated. Use the AutoMirrored version at Icons.AutoMirrored.Filled.DirectionsBike.
w: file:///D:/Eng%20App/mobile/app/src/main/java/com/esdispatch/ui/screens/RiderScreens.kt:1086:40 'val Icons.Filled.Chat: ImageVector' is deprecated. Use the AutoMirrored version at Icons.AutoMirrored.Filled.Chat.
w: file:///D:/Eng%20App/mobile/app/src/main/java/com/esdispatch/ui/screens/RiderScreens.kt:2418:116 'val Icons.Filled.DirectionsBike: ImageVector' is deprecated. Use the AutoMirrored version at Icons.AutoMirrored.Filled.DirectionsBike.
w: file:///D:/Eng%20App/mobile/app/src/main/java/com/esdispatch/ui/screens/TrackingScreen.kt:680:56 'val Icons.Filled.DirectionsBike: ImageVector' is deprecated. Use the AutoMirrored version at Icons.AutoMirrored.Filled.DirectionsBike.
w: file:///D:/Eng%20App/mobile/app/src/main/java/com/esdispatch/ui/screens/TrackingScreen.kt:1502:94 'val Icons.Filled.ArrowForward: ImageVector' is deprecated. Use the AutoMirrored version at Icons.AutoMirrored.Filled.ArrowForward.
w: file:///D:/Eng%20App/mobile/app/src/main/java/com/esdispatch/ui/screens/TrackingScreen.kt:1694:71 'val Icons.Filled.Chat: ImageVector' is deprecated. Use the AutoMirrored version at Icons.AutoMirrored.Filled.Chat.
w: file:///D:/Eng%20App/mobile/app/src/main/java/com/esdispatch/ui/screens/TrackingScreen.kt:1837:38 'fun getFromLocationName(p0: String, p1: Int): (Mutable)List<Address!>?' is deprecated. Deprecated in Java.
w: file:///D:/Eng%20App/mobile/app/src/main/java/com/esdispatch/ui/screens/TrackingScreen.kt:3195:52 'val Icons.Filled.ReceiptLong: ImageVector' is deprecated. Use the AutoMirrored version at Icons.AutoMirrored.Filled.ReceiptLong.
w: file:///D:/Eng%20App/mobile/app/src/main/java/com/esdispatch/ui/screens/TrackingScreen.kt:3391:42 'fun getFromLocation(p0: Double, p1: Double, p2: Int): (Mutable)List<Address!>?' is deprecated. Deprecated in Java.
w: file:///D:/Eng%20App/mobile/app/src/main/java/com/esdispatch/ui/screens/TrackingScreen.kt:3465:5 'fun AlertDialog(onDismissRequest: () -> Unit, modifier: Modifier = ..., properties: DialogProperties = ..., content: @Composable() ComposableFunction0<Unit>): Unit' is deprecated. Use BasicAlertDialog instead.
w: file:///D:/Eng%20App/mobile/app/src/main/java/com/esdispatch/ui/screens/TrackingScreen.kt:3818:61 'val Icons.Filled.Chat: ImageVector' is deprecated. Use the AutoMirrored version at Icons.AutoMirrored.Filled.Chat.
w: file:///D:/Eng%20App/mobile/app/src/main/java/com/esdispatch/ui/screens/dashboard/LoyaltyRewardsCard.kt:195:17 'fun Divider(modifier: Modifier = ..., thickness: Dp = ..., color: Color = ...): Unit' is deprecated. Renamed to HorizontalDivider.
w: file:///D:/Eng%20App/mobile/app/src/main/java/com/esdispatch/viewmodel/DeliveryViewModel.kt:1672:17 Condition is always 'true'.
w: file:///D:/Eng%20App/mobile/app/src/main/java/com/esdispatch/viewmodel/DeliveryViewModel.kt:1689:17 Condition is always 'true'.
w: file:///D:/Eng%20App/mobile/app/src/main/java/com/esdispatch/viewmodel/DeliveryViewModel.kt:2748:85 'class GoogleSignIn : Any' is deprecated. Deprecated in Java.
w: file:///D:/Eng%20App/mobile/app/src/main/java/com/esdispatch/viewmodel/DeliveryViewModel.kt:2748:152 'class GoogleSignInOptions : AbstractSafeParcelable, Api.ApiOptions.Optional, ReflectedParcelable' is deprecated. Deprecated in Java.
w: file:///D:/Eng%20App/mobile/app/src/main/java/com/esdispatch/viewmodel/DeliveryViewModel.kt:2748:219 'class GoogleSignInOptions : AbstractSafeParcelable, Api.ApiOptions.Optional, ReflectedParcelable' is deprecated. Deprecated in Java.
w: file:///D:/Eng%20App/mobile/app/src/main/java/com/esdispatch/viewmodel/DeliveryViewModel.kt:2914:81 'class GoogleSignIn : Any' is deprecated. Deprecated in Java.
w: file:///D:/Eng%20App/mobile/app/src/main/java/com/esdispatch/viewmodel/DeliveryViewModel.kt:2914:148 'class GoogleSignInOptions : AbstractSafeParcelable, Api.ApiOptions.Optional, ReflectedParcelable' is deprecated. Deprecated in Java.
w: file:///D:/Eng%20App/mobile/app/src/main/java/com/esdispatch/viewmodel/DeliveryViewModel.kt:2914:215 'class GoogleSignInOptions : AbstractSafeParcelable, Api.ApiOptions.Optional, ReflectedParcelable' is deprecated. Deprecated in Java.

BUILD SUCCESSFUL in 9m 5s
17 actionable tasks: 2 executed, 15 up-to-date
Configuration cache entry stored.
.\gradlew.bat : The syntax of the command is incorrect.
At line:1 char:1
+ .\gradlew.bat :app:compileDebugKotlin --console=plain 2>&1 | Out-File ...
+ ~~~~~~~~~~~~~~~~~~~~~~~~~~~~~~~~~~~~~~~~~~~~~~~~~~~~~~~~~~
    + CategoryInfo          : NotSpecified: (The syntax of the command is incorrect.:String) [], RemoteException
    + FullyQualifiedErrorId : NativeCommandError
 
