Starting a Gradle Daemon, 5 busy Daemons could not be reused, use --status for details
Reusing configuration cache.
> Task :app:checkKotlinGradlePluginConfigurationErrors SKIPPED
> Task :app:preBuild UP-TO-DATE
> Task :app:preReleaseBuild UP-TO-DATE
> Task :app:processReleaseGoogleServices UP-TO-DATE
> Task :app:generateReleaseBuildConfig UP-TO-DATE
> Task :app:generateReleaseResValues UP-TO-DATE
> Task :app:buildKotlinToolingMetadata UP-TO-DATE
> Task :app:createReleaseCompatibleScreenManifests UP-TO-DATE
> Task :app:extractDeepLinksRelease UP-TO-DATE
> Task :app:generateReleaseResources UP-TO-DATE
> Task :app:mapReleaseSourceSetPaths UP-TO-DATE
> Task :app:checkReleaseAarMetadata UP-TO-DATE
> Task :app:javaPreCompileRelease UP-TO-DATE
> Task :app:packageReleaseResources UP-TO-DATE
> Task :app:mergeReleaseResources UP-TO-DATE
> Task :app:extractProguardFiles UP-TO-DATE
> Task :app:mergeReleaseJniLibFolders UP-TO-DATE
> Task :app:parseReleaseLocalResources UP-TO-DATE
> Task :app:mergeReleaseArtProfile UP-TO-DATE
> Task :app:checkReleaseDuplicateClasses UP-TO-DATE
> Task :app:mergeReleaseStartupProfile UP-TO-DATE
> Task :app:processReleaseMainManifest UP-TO-DATE
> Task :app:mergeReleaseShaders UP-TO-DATE
> Task :app:extractReleaseVersionControlInfo UP-TO-DATE
> Task :app:processReleaseManifest UP-TO-DATE
> Task :app:compileReleaseShaders NO-SOURCE
> Task :app:generateReleaseAssets UP-TO-DATE
> Task :app:processReleaseManifestForPackage UP-TO-DATE
> Task :app:mergeReleaseNativeLibs UP-TO-DATE
> Task :app:stripReleaseDebugSymbols UP-TO-DATE
> Task :app:extractReleaseNativeSymbolTables UP-TO-DATE
> Task :app:mergeReleaseNativeDebugMetadata NO-SOURCE
> Task :app:validateSigningRelease UP-TO-DATE
> Task :app:collectReleaseDependencies UP-TO-DATE
> Task :app:writeReleaseAppMetadata UP-TO-DATE
> Task :app:sdkReleaseDependencyData UP-TO-DATE
> Task :app:writeReleaseSigningConfigVersions UP-TO-DATE
> Task :app:mergeReleaseAssets UP-TO-DATE
> Task :app:compressReleaseAssets UP-TO-DATE
> Task :app:processReleaseResources UP-TO-DATE
> Task :app:convertLinkedResourcesToPw: file:///D:/Eng%20App/mobile/app/src/main/java/com/esdispatch/data/FirebaseManager.kt:169:22 'funw: file:///D:/Eng%20App/mobile/app/src/main/java/com/esdispatch/data/FirebaseManager.kt:169:22 'fun fetchSignInMethodsForEmail(p0: String): Task<SignInMethodQueryResult!>' is deprecated. Deprecated in Java.
w: file:///D:/Eng%20App/mobile/app/src/main/java/com/esdispatch/data/LocalDatabase.kt:229:18 'fun fallbackToDestructiveMigration(): RoomDatabase.Builder<AppDatabase>' is deprecated. Replace by overloaded version with parameter to indicate if all tables should be dropped or not.
w: file:///D:/Eng%20App/mobile/app/src/main/java/com/esdispatch/ui/components/Components.kt:291:52 'val Icons.Filled.DirectionsBike: ImageVector' is deprecated. Use the AutoMirrored version at Icons.AutoMirrored.Filled.DirectionsBike.
w: file:///D:/Eng%20App/mobile/app/src/main/java/com/esdispatch/ui/components/Components.kt:1425:45 'val Icons.Filled.Help: ImageVector' is deprecated. Use the AutoMirrored version at Icons.AutoMirrored.Filled.Help.
w: file:///D:/Eng%20App/mobile/app/src/main/java/com/esdispatch/ui/screens/AIDispatchManagerScreen.kt:646:55 'val Icons.Filled.DirectionsBike: ImageVector' is deprecated. Use the AutoMirrored version at Icons.AutoMirrored.Filled.DirectionsBike.
w: file:///D:/Eng%20App/mobile/app/src/main/java/com/esdispatch/ui/screens/AIDispatchManagerScreen.kt:1055:62 'val Icons.Filled.TrendingUp: ImageVector' is deprecated. Use the AutoMirrored version at Icons.AutoMirrored.Filled.TrendingUp.
w: file:///D:/Eng%20App/mobile/app/src/main/java/com/esdispatch/ui/screens/AIDispatchManagerScreen.kt:1206:77 'val Icons.Filled.StarHalf: ImageVector' is deprecated. Use the AutoMirrored version at Icons.AutoMirrored.Filled.StarHalf.
w: file:///D:/Eng%20App/mobile/app/src/main/java/com/esdispatch/ui/screens/AIDispatchManagerScreen.kt:1258:76 'val Icons.Filled.EventNote: ImageVector' is deprecated. Use the AutoMirrored version at Icons.AutoMirrored.Filled.EventNote.
w: file:///D:/Eng%20App/mobile/app/src/main/java/com/esdispatch/ui/screens/AuthScreens.kt:48:8 'class GoogleSignIn : Any' is deprecated. Deprecated in Java.
w: file:///D:/Eng%20App/mobile/app/src/main/java/com/esdispatch/ui/screens/AuthScreens.kt:49:8 'class GoogleSignInOptions : AbstractSafeParcelable, Api.ApiOptions.Optional, ReflectedParcelable' is deprecated. Deprecated in Java.
w: file:///D:/Eng%20App/mobile/app/src/main/java/com/esdispatch/ui/screens/AuthScreens.kt:151:20 'class GoogleSignIn : Any' is deprecated. Deprecated in Java.
w: file:///D:/Eng%20App/mobile/app/src/main/java/com/esdispatch/ui/screens/AuthScreens.kt:407:50 'class GoogleSignInOptions : AbstractSafeParcelable, Api.ApiOptions.Optional, ReflectedParcelable' is deprecated. Deprecated in Java.
w: file:///D:/Eng%20App/mobile/app/src/main/java/com/esdispatch/ui/screens/AuthScreens.kt:407:78 'class GoogleSignInOptions : AbstractSafeParcelable, Api.ApiOptions.Optional, ReflectedParcelable' is deprecated. Deprecated in Java.
w: file:///D:/Eng%20App/mobile/app/src/main/java/com/esdispatch/ui/screens/AuthScreens.kt:414:58 'class GoogleSignIn : Any' is deprecated. Deprecated in Java.
w: file:///D:/Eng%20App/mobile/app/src/main/java/com/esdispatch/ui/screens/AuthScreens.kt:769:20 'class GoogleSignIn : Any' is deprecated. Deprecated in Java.
w: file:///D:/Eng%20App/mobile/app/src/main/java/com/esdispatch/ui/screens/AuthScreens.kt:988:58 'class GoogleSignInOptions : AbstractSafeParcelable, Api.ApiOptions.Optional, ReflectedParcelable' is deprecated. Deprecated in Java.
w: file:///D:/Eng%20App/mobile/app/src/main/java/com/esdispatch/ui/screens/AuthScreens.kt:988:86 'class GoogleSignInOptions : AbstractSafeParcelable, Api.ApiOptions.Optional, ReflectedParcelable' is deprecated. Deprecated in Java.
w: file:///D:/Eng%20App/mobile/app/src/main/java/com/esdispatch/ui/screens/AuthScreens.kt:995:66 'class GoogleSignIn : Any' is deprecated. Deprecated in Java.
w: file:///D:/Eng%20App/mobile/app/src/main/java/com/esdispatch/ui/screens/BatchBookingScreen.kt:134:50 'fun getFromLocationName(p0: String, p1: Int): (Mutable)List<Address!>?' is deprecated. Deprecated in Java.
w: file:///D:/Eng%20App/mobile/app/src/main/java/com/esdispatch/ui/screens/BookingFormScreen.kt:73:42 'fun getFromLocation(p0: Double, p1: Double, p2: Int): (Mutable)List<Address!>?' is deprecated. Deprecated in Java.
w: file:///D:/Eng%20App/mobile/app/src/main/java/com/esdispatch/ui/screens/DashboardScreen.kt:1818:25 'fun Divider(modifier: Modifier = ..., thickness: Dp = ..., color: Color = ...): Unit' is deprecated. Renamed to HorizontalDivider.
w: file:///D:/Eng%20App/mobile/app/src/main/java/com/esdispatch/ui/screens/DashboardScreen.kt:2295:33 'fun Divider(modifier: Modifier = ..., thickness: Dp = ..., color: Color = ...): Unit' is deprecated. Renamed to HorizontalDivider.
w: file:///D:/Eng%20App/mobile/app/src/main/java/com/esdispatch/ui/screens/DashboardScreen.kt:3979:97 'val Icons.Filled.DirectionsBike: ImageVector' is deprecated. Use the AutoMirrored version at Icons.AutoMirrored.Filled.DirectionsBike.
w: file:///D:/Eng%20App/mobile/app/src/main/java/com/esdispatch/ui/screens/MultiBookingScreen.kt:116:50 'fun getFromLocationName(p0: String, p1: Int): (Mutable)List<Address!>?' is deprecated. Deprecated in Java.
w: file:///D:/Eng%20App/mobile/app/src/main/java/com/esdispatch/ui/screens/ProfileScreens.kt:388:59 'val Icons.Filled.DirectionsBike: ImageVector' is deprecated. Use the AutoMirrored version at Icons.AutoMirrored.Filled.DirectionsBike.
w: file:///D:/Eng%20App/mobile/app/src/main/java/com/esdispatch/ui/screens/ProfileScreens.kt:560:49 'val Icons.Filled.DirectionsBike: ImageVector' is deprecated. Use the AutoMirrored version at Icons.AutoMirrored.Filled.DirectionsBike.
w: file:///D:/Eng%20App/mobile/app/src/main/java/com/esdispatch/ui/screens/ProfileScreens.kt:606:43 'val Icons.Filled.Logout: ImageVector' is deprecated. Use the AutoMirrored version at Icons.AutoMirrored.Filled.Logout.
w: file:///D:/Eng%20App/mobile/app/src/main/java/com/esdispatch/ui/screens/ProfileScreens.kt:1306:43 'val Icons.Filled.Logout: ImageVector' is deprecated. Use the AutoMirrored version at Icons.AutoMirrored.Filled.Logout.
w: file:///D:/Eng%20App/mobile/app/src/main/java/com/esdispatch/ui/screens/ProfileScreens.kt:1876:56 'val Icons.Filled.SendToMobile: ImageVector' is deprecated. Use the AutoMirrored version at Icons.AutoMirrored.Filled.SendToMobile.
w: file:///D:/Eng%20App/mobile/app/src/main/java/com/esdispatch/ui/screens/ProfileScreens.kt:3449:43 'val Icons.Filled.Chat: ImageVector' is deprecated. Use the AutoMirrored version at Icons.AutoMirrored.Filled.Chat.
w: file:///D:/Eng%20App/mobile/app/src/main/java/com/esdispatch/ui/screens/ProfileScreens.kt:3608:39 'val Icons.Filled.Send: ImageVector' is deprecated. Use the AutoMirrored version at Icons.AutoMirrored.Filled.Send.
w: file:///D:/Eng%20App/mobile/app/src/main/java/com/esdispatch/ui/screens/ProofOfDeliveryScreen.kt:48:26 'val LocalLifecycleOwner: ProvidableCompositionLocal<LifecycleOwner>' is deprecated. Moved to lifecycle-runtime-compose library in androidx.lifecycle.compose package.
w: file:///D:/Eng%20App/mobile/app/src/main/java/com/esdispatch/ui/screens/RiderScreens.kt:430:68 'val Icons.Filled.DirectionsBike: ImageVector' is deprecated. Use the AutoMirrored version at Icons.AutoMirrored.Filled.DirectionsBike.
w: file:///D:/Eng%20App/mobile/app/src/main/java/com/esdispatch/ui/screens/RiderScreens.kt:701:65 'val Icons.Filled.DirectionsBike: ImageVector' is deprecated. Use the AutoMirrored version at Icons.AutoMirrored.Filled.DirectionsBike.
w: file:///D:/Eng%20App/mobile/app/src/main/java/com/esdispatch/ui/screens/RiderScreens.kt:828:57 'val Icons.Filled.DirectionsBike: ImageVector' is deprecated. Use the AutoMirrored version at Icons.AutoMirrored.Filled.DirectionsBike.
w: file:///D:/Eng%20App/mobile/app/src/main/java/com/esdispatch/ui/screens/RiderScreens.kt:1086:40 'val Icons.Filled.Chat: ImageVector' is deprecated. Use the AutoMirrored version at Icons.AutoMirrored.Filled.Chat.
w: file:///D:/Eng%20App/mobile/app/src/main/java/com/esdispatch/ui/screens/RiderScreens.kt:2418:116 'val Icons.Filled.DirectionsBike: ImageVector' is deprecated. Use the AutoMirrored version at Icons.AutoMirrored.Filled.DirectionsBike.
w: file:///D:/Eng%20App/mobile/app/src/main/java/com/esdispatch/ui/screens/TrackingScreen.kt:680:56 'val Icons.Filled.DirectionsBike: ImageVector' is deprecated. Use the AutoMirrored version at Icons.AutoMirrored.Filled.DirectionsBike.
w: file:///D:/Eng%20App/mobile/app/src/main/java/com/esdispatch/ui/screens/TrackingScreen.kt:1502:94 'val Icons.Filled.ArrowForward: ImageVector' is deprecated. Use the AutoMirrored version at Icons.AutoMirrored.Filled.ArrowForward.
w: file:///D:/Eng%20App/mobile/app/src/main/java/com/esdispatch/ui/screens/TrackingScreen.kt:1694:71 'val Icons.Filled.Chat: ImageVector' is deprecated. Use the AutoMirrored version at Icons.AutoMirrored.Filled.Chat.
w: file:///D:/Eng%20App/mobile/app/src/main/java/com/esdispatch/ui/screens/TrackingScreen.kt:1837:38 'fun getFromLocationName(p0: String, p1: Int): (Mutable)List<Address!>?' is deprecated. Deprecated in Java.
w: file:///D:/Eng%20App/mobile/app/src/main/java/com/esdispatch/ui/screens/TrackingScreen.kt:3195:52 'val Icons.Filled.ReceiptLong: ImageVector' is deprecated. Use the AutoMirrored version at Icons.AutoMirrored.Filled.ReceiptLong.
w: file:///D:/Eng%20App/mobile/app/src/main/java/com/esdispatch/ui/screens/TrackingScreen.kt:3391:42 'fun getFromLocation(p0: Double, p1: Double, p2: Int): (Mutable)List<Address!>?' is deprecated. Deprecated in Java.
w: file:///D:/Eng%20App/mobile/app/src/main/java/com/esdispatch/ui/screens/TrackingScreen.kt:3465:5 'fun AlertDialog(onDismissRequest: () -> Unit, modifier: Modifier = ..., properties: DialogProperties = ..., content: @Composable() ComposableFunction0<Unit>): Unit' is deprecated. Use BasicAlertDialog instead.
w: file:///D:/Eng%20App/mobile/app/src/main/java/com/esdispatch/ui/screens/TrackingScreen.kt:3818:61 'val Icons.Filled.Chat: ImageVector' is deprecated. Use the AutoMirrored version at Icons.AutoMirrored.Filled.Chat.
w: file:///D:/Eng%20App/mobile/app/src/main/java/com/esdispatch/ui/screens/dashboard/LoyaltyRewardsCard.kt:195:17 'fun Divider(modifier: Modifier = ..., thickness: Dp = ..., color: Color = ...): Unit' is deprecated. Renamed to HorizontalDivider.
w: file:///D:/Eng%20App/mobile/app/src/main/java/com/esdispatch/viewmodel/DeliveryViewModel.kt:1672:17 Condition is always 'true'.
w: file:///D:/Eng%20App/mobile/app/src/main/java/com/esdispatch/viewmodel/DeliveryViewModel.kt:1689:17 Condition is always 'true'.
w: file:///D:/Eng%20App/mobile/app/src/main/java/com/esdispatch/viewmodel/DeliveryViewModel.kt:2748:85 'class GoogleSignIn : Any' is deprecated. Deprecated in Java.
w: file:///D:/Eng%20App/mobile/app/src/main/java/com/esdispatch/viewmodel/DeliveryViewModel.kt:2748:152 'class GoogleSignInOptions : AbstractSafeParcelable, Api.ApiOptions.Optional, ReflectedParcelable' is deprecated. Deprecated in Java.
w: file:///D:/Eng%20App/mobile/app/src/main/java/com/esdispatch/viewmodel/DeliveryViewModel.kt:2748:219 'class GoogleSignInOptions : AbstractSafeParcelable, Api.ApiOptions.Optional, ReflectedParcelable' is deprecated. Deprecated in Java.
w: file:///D:/Eng%20App/mobile/app/src/main/java/com/esdispatch/viewmodel/DeliveryViewModel.kt:2914:81 'class GoogleSignIn : Any' is deprecated. Deprecated in Java.
w: file:///D:/Eng%20App/mobile/app/src/main/java/com/esdispatch/viewmodel/DeliveryViewModel.kt:2914:148 'class GoogleSignInOptions : AbstractSafeParcelable, Api.ApiOptions.Optional, ReflectedParcelable' is deprecated. Deprecated in Java.
w: file:///D:/Eng%20App/mobile/app/src/main/java/com/esdispatch/viewmodel/DeliveryViewModel.kt:2914:215 'class GoogleSignInOptions : AbstractSafeParcelable, Api.ApiOptions.Optional, ReflectedParcelable' is deprecated. Deprecated in Java.

> Task :app:processReleaseJavaRes UP-TO-DATE
> Task :app:compileReleaseJavaWithJavac UP-TO-DATE
> Task :app:expandReleaseArtProfileWildcards UP-TO-DATE
> Task :app:mergeReleaseGeneratedProguardFiles UP-TO-DATE
> Task :app:mergeReleaseJavaResource UP-TO-DATE
> Task :a> Task :app:lintVitalReportRelease UP-TO-DATE
> Task :app:lintVitalRelease

> Task :app:minifyReleaseWithR8
WARNING: > Task :app:lintVitalReportRelease UP-TO-DATE
> Task :app:lintVitalRelease

> Task :app:minifyReleaseWithR8
WARNING: C:\Users\USER\.gradle\caches\8.10.2\transforms\1dc0c885badb04766de3dcd48c02f239\transformed\play-services-location-21.3.0-r
> Task :app:compileReleaseArtProfile
> Task :app:shrinkReleaseRes
> Task :app:convertShrunkResourcesToBinaryRelease U
> Task :app:shrinkReleaseRes UP-TO-DATE
> Task :app:compi> Task :app:packageRelease
> Task :app:packageRelease FAILED
52 actionable tasks: 10 executed, 42 up-to-date
Configuration cache entry reused.
sk :app:packageRelease FAILED
52 actionable tasks: 5 executed, 47 up-to-date
Configuration cache entry reused.
